goto.c(34): Warning: Goto from line 29 to label 'bad' can result in a trashed stack
goto.c(40): Warning: Goto from line 18 to label 'unsafe' can result in a trashed stack
goto.c(42): Warning: Goto from line 42 to label 'another' can result in a trashed stack
goto.c(47): Warning: Goto from line 47 to label 'bad' can result in a trashed stack
goto.c(56): Warning: Goto from line 38 to label 'finish' can result in a trashed stack
goto.c(58): Warning: `unused' is defined but never used
goto.c(65): Warning: Control reaches end of non-void function
