version	major=2,minor=0
info	csym=3,file=604,lib=1,line=327,mod=13,scope=20,seg=9,span=213,sym=483,type=6
csym	id=0,name="main",scope=1,type=0,sc=static,sym=14
csym	id=1,name="local_int",scope=1,type=0,sc=auto,offs=-2
csym	id=2,name="i",scope=1,type=0,sc=auto,offs=-4
file	id=0,name="../../testwrk/dbginfo/val_types.c.46141.0.s",size=1909,mtime=0x6988F3DC,mod=0
file	id=1,name="/usr/local/share/cc65/asminc/longbranch.mac",size=2632,mtime=0x69750450,mod=0
file	id=2,name="val_types.c",size=692,mtime=0x6988F35C,mod=0
file	id=3,name="/Users/wboyce/git/cc65/asminc/zeropage.inc",size=1020,mtime=0x6962BC47,mod=4+12
file	id=4,name="runtime/addeqsp.s",size=390,mtime=0x6962BC47,mod=1
file	id=5,name="runtime/callmain.s",size=745,mtime=0x6145D37A,mod=2
file	id=6,name="runtime/condes.s",size=2129,mtime=0x6962BC47,mod=3
file	id=7,name="sim6502/crt0.s",size=917,mtime=0x6962BC47,mod=4
file	id=8,name="runtime/decsp2.s",size=324,mtime=0x6962BC47,mod=5
file	id=9,name="sim6502/exehdr.s",size=817,mtime=0x6962BC47,mod=6
file	id=10,name="runtime/ldaxsp.s",size=468,mtime=0x6962BC47,mod=7
file	id=11,name="sim6502/paravirt.s",size=674,mtime=0x6962BC47,mod=8
file	id=12,name="runtime/pushax.s",size=1082,mtime=0x6962BC47,mod=9
file	id=13,name="runtime/staxsp.s",size=299,mtime=0x6962BC47,mod=10
file	id=14,name="common/zerobss.s",size=698,mtime=0x6145D379,mod=11
file	id=15,name="runtime/zeropage.s",size=646,mtime=0x6962BC47,mod=12
lib	id=0,name="/usr/local/share/cc65/lib/sim6502.lib"
line	id=0,file=0,line=25
line	id=1,file=0,line=30,span=3
line	id=2,file=0,line=19
line	id=3,file=0,line=109
line	id=4,file=1,line=20,type=2,count=1,span=28
line	id=5,file=0,line=106
line	id=6,file=0,line=85,span=39
line	id=7,file=0,line=11
line	id=8,file=1,line=16,type=2,count=1
line	id=9,file=0,line=80,span=34
line	id=10,file=0,line=28,span=2
line	id=11,file=0,line=93,span=47
line	id=12,file=0,line=72,span=24
line	id=13,file=0,line=0
line	id=14,file=0,line=71,span=23
line	id=15,file=0,line=63,span=15
line	id=16,file=0,line=62,span=14
line	id=17,file=0,line=38,span=6
line	id=18,file=0,line=87,span=41
line	id=19,file=0,line=57,span=9
line	id=20,file=0,line=67,span=19
line	id=21,file=0,line=18
line	id=22,file=0,line=56,span=8
line	id=23,file=0,line=76,span=30
line	id=24,file=0,line=14
line	id=25,file=0,line=79,span=33
line	id=26,file=0,line=69,span=21
line	id=27,file=0,line=17
line	id=28,file=2,line=34,type=1,span=42+31
line	id=29,file=0,line=98,span=52
line	id=30,file=0,line=107,span=56
line	id=31,file=0,line=84,span=38
line	id=32,file=1,line=18,type=2,count=1
line	id=33,file=0,line=65,span=17
line	id=34,file=0,line=59,span=11
line	id=35,file=0,line=101,span=55
line	id=36,file=0,line=74,span=26
line	id=37,file=0,line=110
line	id=38,file=0,line=46
line	id=39,file=0,line=94,span=48
line	id=40,file=0,line=33,span=5
line	id=41,file=0,line=16
line	id=42,file=0,line=29
line	id=43,file=0,line=73,span=25
line	id=44,file=0,line=61,span=13
line	id=45,file=0,line=10
line	id=46,file=0,line=70,span=22
line	id=47,file=0,line=37
line	id=48,file=0,line=55,span=7
line	id=49,file=0,line=95,span=49
line	id=50,file=0,line=23
line	id=51,file=0,line=91,span=45
line	id=52,file=0,line=64,span=16
line	id=53,file=0,line=78,span=32
line	id=54,file=2,line=38,type=1,span=50
line	id=55,file=0,line=97,span=51
line	id=56,file=2,line=37,type=1,span=46
line	id=57,file=0,line=86,span=40
line	id=58,file=2,line=26,type=1,span=10
line	id=59,file=1,line=13,type=2,count=1
line	id=60,file=0,line=15
line	id=61,file=0,line=27
line	id=62,file=0,line=99,span=53
line	id=63,file=2,line=35,type=1,span=36
line	id=64,file=0,line=75,span=29
line	id=65,file=2,line=39,type=1,span=54
line	id=66,file=0,line=32,span=4
line	id=67,file=0,line=26,span=1
line	id=68,file=0,line=24,span=0
line	id=69,file=0,line=66,span=18
line	id=70,file=0,line=31
line	id=71,file=0,line=83,span=37
line	id=72,file=0,line=68,span=20
line	id=73,file=2,line=40,type=1,span=55
line	id=74,file=0,line=90,span=44
line	id=75,file=0,line=81,span=35
line	id=76,file=0,line=60,span=12
line	id=77,file=0,line=89,span=43
line	id=78,file=1,line=19,type=2,count=1,span=27
line	id=79,file=4,line=19,span=66
line	id=80,file=4,line=11,span=59
line	id=81,file=4,line=0
line	id=82,file=4,line=20,span=67
line	id=83,file=4,line=18,span=65
line	id=84,file=4,line=14,span=61
line	id=85,file=4,line=17,span=64
line	id=86,file=4,line=21,span=68
line	id=87,file=4,line=22,span=69
line	id=88,file=4,line=12
line	id=89,file=4,line=7
line	id=90,file=4,line=16,span=63
line	id=91,file=4,line=8
line	id=92,file=4,line=13,span=60
line	id=93,file=4,line=10
line	id=94,file=4,line=23,span=70
line	id=95,file=4,line=15,span=62
line	id=96,file=4,line=24
line	id=97,file=5,line=19,span=73
line	id=98,file=5,line=11
line	id=99,file=5,line=0
line	id=100,file=5,line=9
line	id=101,file=5,line=20,span=74
line	id=102,file=5,line=18,span=72
line	id=103,file=5,line=22,span=75
line	id=104,file=5,line=36,span=82
line	id=105,file=5,line=16
line	id=106,file=5,line=29
line	id=107,file=5,line=8
line	id=108,file=5,line=23,span=76
line	id=109,file=5,line=40
line	id=110,file=5,line=27,span=79
line	id=111,file=5,line=26,span=78
line	id=112,file=5,line=35,span=81
line	id=113,file=5,line=24,span=77
line	id=114,file=6,line=30,span=86
line	id=115,file=6,line=19
line	id=116,file=6,line=45,span=91
line	id=117,file=6,line=80
line	id=118,file=6,line=28,span=84
line	id=119,file=6,line=48,span=94
line	id=120,file=6,line=77,span=111
line	id=121,file=6,line=72,span=106
line	id=122,file=6,line=0
line	id=123,file=6,line=71,span=105
line	id=124,file=6,line=62
line	id=125,file=6,line=67,span=101
line	id=126,file=6,line=18
line	id=127,file=6,line=76,span=110
line	id=128,file=6,line=69,span=103
line	id=129,file=6,line=49,span=95
line	id=130,file=6,line=65,span=99
line	id=131,file=6,line=52
line	id=132,file=6,line=74,span=108
line	id=133,file=6,line=46,span=92
line	id=134,file=6,line=33,span=89
line	id=135,file=6,line=16
line	id=136,file=6,line=29,span=85
line	id=137,file=6,line=73,span=107
line	id=138,file=6,line=70,span=104
line	id=139,file=6,line=64,span=98
line	id=140,file=6,line=78,span=112
line	id=141,file=6,line=50,span=96
line	id=142,file=6,line=82
line	id=143,file=6,line=75,span=109
line	id=144,file=6,line=47,span=93
line	id=145,file=6,line=32,span=88
line	id=146,file=6,line=26
line	id=147,file=6,line=35
line	id=148,file=6,line=66,span=100
line	id=149,file=6,line=31,span=87
line	id=150,file=6,line=68,span=102
line	id=151,file=6,line=43
line	id=152,file=7,line=25,span=119
line	id=153,file=7,line=30,span=124
line	id=154,file=7,line=11
line	id=155,file=7,line=28,span=122
line	id=156,file=3,line=14
line	id=157,file=7,line=0
line	id=158,file=3,line=17
line	id=159,file=7,line=9
line	id=160,file=7,line=20,span=114
line	id=161,file=3,line=11
line	id=162,file=7,line=14
line	id=163,file=7,line=21,span=115
line	id=164,file=3,line=39
line	id=165,file=7,line=22,span=116
line	id=166,file=3,line=12
line	id=167,file=7,line=12
line	id=168,file=7,line=7
line	id=169,file=7,line=33,span=128
line	id=170,file=3,line=13
line	id=171,file=7,line=29,span=123
line	id=172,file=7,line=8
line	id=173,file=7,line=13
line	id=174,file=7,line=10
line	id=175,file=3,line=34
line	id=176,file=7,line=23,span=117
line	id=177,file=3,line=25
line	id=178,file=7,line=27,span=121
line	id=179,file=3,line=20
line	id=180,file=3,line=18
line	id=181,file=7,line=32,span=126
line	id=182,file=7,line=26,span=120
line	id=183,file=3,line=31
line	id=184,file=7,line=24,span=118
line	id=185,file=7,line=31,span=125
line	id=186,file=3,line=19
line	id=187,file=8,line=19,span=135
line	id=188,file=8,line=0
line	id=189,file=8,line=20,span=136
line	id=190,file=8,line=14,span=131
line	id=191,file=8,line=17,span=134
line	id=192,file=8,line=22
line	id=193,file=8,line=12,span=129
line	id=194,file=8,line=7
line	id=195,file=8,line=16,span=133
line	id=196,file=8,line=8
line	id=197,file=8,line=13,span=130
line	id=198,file=8,line=10
line	id=199,file=8,line=15,span=132
line	id=200,file=8,line=27
line	id=201,file=9,line=25,span=141
line	id=202,file=9,line=0
line	id=203,file=9,line=9
line	id=204,file=9,line=20
line	id=205,file=9,line=18
line	id=206,file=9,line=14,span=138
line	id=207,file=9,line=21,span=140
line	id=208,file=9,line=22
line	id=209,file=9,line=7
line	id=210,file=9,line=16
line	id=211,file=9,line=8
line	id=212,file=9,line=10
line	id=213,file=9,line=15,span=139
line	id=214,file=9,line=27,span=143
line	id=215,file=9,line=26,span=142
line	id=216,file=10,line=19,span=150
line	id=217,file=10,line=0
line	id=218,file=10,line=20
line	id=219,file=10,line=18,span=149
line	id=220,file=10,line=14
line	id=221,file=10,line=17,span=148
line	id=222,file=10,line=12
line	id=223,file=10,line=7
line	id=224,file=10,line=16,span=147
line	id=225,file=10,line=8
line	id=226,file=10,line=13,span=145
line	id=227,file=10,line=15,span=146
line	id=228,file=11,line=19
line	id=229,file=11,line=11
line	id=230,file=11,line=0
line	id=231,file=11,line=20
line	id=232,file=11,line=18
line	id=233,file=11,line=14
line	id=234,file=11,line=17
line	id=235,file=11,line=21
line	id=236,file=11,line=16
line	id=237,file=11,line=13
line	id=238,file=11,line=10
line	id=239,file=11,line=15
line	id=240,file=12,line=25,span=159
line	id=241,file=12,line=30,span=164
line	id=242,file=12,line=11,span=153
line	id=243,file=12,line=28,span=162
line	id=244,file=12,line=0
line	id=245,file=12,line=34
line	id=246,file=12,line=20,span=154
line	id=247,file=12,line=18
line	id=248,file=12,line=21,span=155
line	id=249,file=12,line=22,span=156
line	id=250,file=12,line=7
line	id=251,file=12,line=29,span=163
line	id=252,file=12,line=8
line	id=253,file=12,line=10,span=152
line	id=254,file=12,line=37,span=167
line	id=255,file=12,line=23,span=157
line	id=256,file=12,line=27,span=161
line	id=257,file=12,line=32
line	id=258,file=12,line=26,span=160
line	id=259,file=12,line=35,span=166
line	id=260,file=12,line=39
line	id=261,file=12,line=24,span=158
line	id=262,file=12,line=31,span=165
line	id=263,file=13,line=19,span=177
line	id=264,file=13,line=11,span=170
line	id=265,file=13,line=0
line	id=266,file=13,line=20
line	id=267,file=13,line=18,span=176
line	id=268,file=13,line=14,span=172
line	id=269,file=13,line=17,span=175
line	id=270,file=13,line=12
line	id=271,file=13,line=7
line	id=272,file=13,line=16,span=174
line	id=273,file=13,line=8
line	id=274,file=13,line=13,span=171
line	id=275,file=13,line=10
line	id=276,file=13,line=15,span=173
line	id=277,file=14,line=25,span=186
line	id=278,file=14,line=30,span=191
line	id=279,file=14,line=19,span=183
line	id=280,file=14,line=28,span=189
line	id=281,file=14,line=0
line	id=282,file=14,line=38,span=196
line	id=283,file=14,line=9
line	id=284,file=14,line=20,span=184
line	id=285,file=14,line=18,span=182
line	id=286,file=14,line=14
line	id=287,file=14,line=17,span=181
line	id=288,file=14,line=7
line	id=289,file=14,line=36,span=194
line	id=290,file=14,line=16,span=180
line	id=291,file=14,line=29,span=190
line	id=292,file=14,line=8
line	id=293,file=14,line=37,span=195
line	id=294,file=14,line=15,span=179
line	id=295,file=14,line=27,span=188
line	id=296,file=14,line=26,span=187
line	id=297,file=14,line=35,span=193
line	id=298,file=14,line=39,span=197
line	id=299,file=14,line=24,span=185
line	id=300,file=14,line=31,span=192
line	id=301,file=14,line=43,span=199
line	id=302,file=15,line=19,span=206
line	id=303,file=3,line=14
line	id=304,file=15,line=0
line	id=305,file=3,line=17
line	id=306,file=15,line=20,span=207
line	id=307,file=3,line=11
line	id=308,file=15,line=18,span=205
line	id=309,file=15,line=14,span=201
line	id=310,file=15,line=17,span=204
line	id=311,file=15,line=21,span=208
line	id=312,file=3,line=39
line	id=313,file=15,line=22,span=209
line	id=314,file=3,line=12
line	id=315,file=3,line=13
line	id=316,file=15,line=16,span=203
line	id=317,file=15,line=13,span=200
line	id=318,file=3,line=34
line	id=319,file=15,line=23,span=210
line	id=320,file=3,line=25
line	id=321,file=15,line=15,span=202
line	id=322,file=3,line=20
line	id=323,file=3,line=18
line	id=324,file=3,line=31
line	id=325,file=15,line=24,span=212
line	id=326,file=3,line=19
mod	id=0,name="val_types.c.46141.0.o",file=0
mod	id=1,name="addeqsp.o",file=4,lib=0
mod	id=2,name="callmain.o",file=5,lib=0
mod	id=3,name="condes.o",file=6,lib=0
mod	id=4,name="crt0.o",file=7,lib=0
mod	id=5,name="decsp2.o",file=8,lib=0
mod	id=6,name="exehdr.o",file=9,lib=0
mod	id=7,name="ldaxsp.o",file=10,lib=0
mod	id=8,name="paravirt.o",file=11,lib=0
mod	id=9,name="pushax.o",file=12,lib=0
mod	id=10,name="staxsp.o",file=13,lib=0
mod	id=11,name="zerobss.o",file=14,lib=0
mod	id=12,name="zeropage.o",file=15,lib=0
seg	id=0,name="CODE",start=0x000229,size=0x00EF,addrsize=absolute,type=ro,oname="../../testwrk/dbginfo/val_types.prg",ooffs=53
seg	id=1,name="RODATA",start=0x000318,size=0x0006,addrsize=absolute,type=ro,oname="../../testwrk/dbginfo/val_types.prg",ooffs=292
seg	id=2,name="BSS",start=0x000353,size=0x0000,addrsize=absolute,type=rw
seg	id=3,name="DATA",start=0x00031E,size=0x0035,addrsize=absolute,type=rw,oname="../../testwrk/dbginfo/val_types.prg",ooffs=298
seg	id=4,name="ZEROPAGE",start=0x000000,size=0x001A,addrsize=zeropage,type=rw
seg	id=5,name="NULL",start=0x000000,size=0x0000,addrsize=absolute,type=rw
seg	id=6,name="ONCE",start=0x00021D,size=0x000C,addrsize=absolute,type=ro,oname="../../testwrk/dbginfo/val_types.prg",ooffs=41
seg	id=7,name="STARTUP",start=0x000200,size=0x001D,addrsize=absolute,type=ro,oname="../../testwrk/dbginfo/val_types.prg",ooffs=12
seg	id=8,name="EXEHDR",start=0x000000,size=0x000C,addrsize=absolute,type=ro,oname="../../testwrk/dbginfo/val_types.prg",ooffs=0
span	id=0,seg=3,start=0,size=2,type=1
span	id=1,seg=3,start=2,size=1,type=2
span	id=2,seg=3,start=3,size=2,type=3
span	id=3,seg=3,start=5,size=1,type=2
span	id=4,seg=3,start=6,size=2,type=1
span	id=5,seg=3,start=8,size=2,type=1
span	id=6,seg=1,start=0,size=6,type=4
span	id=7,seg=0,start=0,size=2
span	id=8,seg=0,start=2,size=2
span	id=9,seg=0,start=4,size=3
span	id=10,seg=0,start=0,size=7
span	id=11,seg=0,start=7,size=3
span	id=12,seg=0,start=10,size=2
span	id=13,seg=0,start=12,size=2
span	id=14,seg=0,start=14,size=2
span	id=15,seg=0,start=16,size=3
span	id=16,seg=0,start=19,size=2
span	id=17,seg=0,start=21,size=3
span	id=18,seg=0,start=24,size=2
span	id=19,seg=0,start=26,size=1
span	id=20,seg=0,start=27,size=2
span	id=21,seg=0,start=29,size=2
span	id=22,seg=0,start=31,size=2
span	id=23,seg=0,start=33,size=1
span	id=24,seg=0,start=34,size=2
span	id=25,seg=0,start=36,size=2
span	id=26,seg=0,start=38,size=1
span	id=27,seg=0,start=39,size=2
span	id=28,seg=0,start=41,size=3
span	id=29,seg=0,start=39,size=5
span	id=30,seg=0,start=44,size=3
span	id=31,seg=0,start=7,size=40
span	id=32,seg=0,start=47,size=2
span	id=33,seg=0,start=49,size=3
span	id=34,seg=0,start=52,size=2
span	id=35,seg=0,start=54,size=3
span	id=36,seg=0,start=47,size=10
span	id=37,seg=0,start=57,size=2
span	id=38,seg=0,start=59,size=2
span	id=39,seg=0,start=61,size=2
span	id=40,seg=0,start=63,size=3
span	id=41,seg=0,start=66,size=3
span	id=42,seg=0,start=57,size=12
span	id=43,seg=0,start=69,size=3
span	id=44,seg=0,start=72,size=2
span	id=45,seg=0,start=74,size=3
span	id=46,seg=0,start=69,size=8
span	id=47,seg=0,start=77,size=2
span	id=48,seg=0,start=79,size=3
span	id=49,seg=0,start=82,size=3
span	id=50,seg=0,start=77,size=8
span	id=51,seg=0,start=85,size=2
span	id=52,seg=0,start=87,size=2
span	id=53,seg=0,start=89,size=3
span	id=54,seg=0,start=85,size=7
span	id=55,seg=0,start=92,size=1
span	id=56,seg=3,start=10,size=2,type=1
span	id=57,seg=0,start=0,size=93
span	id=58,seg=3,start=0,size=12
span	id=59,seg=0,start=93,size=2
span	id=60,seg=0,start=95,size=1
span	id=61,seg=0,start=96,size=2
span	id=62,seg=0,start=98,size=2
span	id=63,seg=0,start=100,size=1
span	id=64,seg=0,start=101,size=1
span	id=65,seg=0,start=102,size=1
span	id=66,seg=0,start=103,size=2
span	id=67,seg=0,start=105,size=2
span	id=68,seg=0,start=107,size=1
span	id=69,seg=0,start=108,size=1
span	id=70,seg=0,start=109,size=1
span	id=71,seg=0,start=93,size=17
span	id=72,seg=0,start=110,size=3
span	id=73,seg=0,start=113,size=3
span	id=74,seg=0,start=116,size=3
span	id=75,seg=0,start=119,size=3
span	id=76,seg=0,start=122,size=3
span	id=77,seg=0,start=125,size=3
span	id=78,seg=0,start=128,size=2
span	id=79,seg=0,start=130,size=3
span	id=80,seg=0,start=110,size=23
span	id=81,seg=3,start=12,size=2,type=1
span	id=82,seg=3,start=14,size=2,type=3
span	id=83,seg=3,start=12,size=4
span	id=84,seg=6,start=0,size=2
span	id=85,seg=6,start=2,size=2
span	id=86,seg=6,start=4,size=2
span	id=87,seg=6,start=6,size=2
span	id=88,seg=6,start=8,size=3
span	id=89,seg=6,start=11,size=1
span	id=90,seg=6,start=0,size=12
span	id=91,seg=0,start=133,size=2
span	id=92,seg=0,start=135,size=2
span	id=93,seg=0,start=137,size=2
span	id=94,seg=0,start=139,size=2
span	id=95,seg=0,start=141,size=3
span	id=96,seg=0,start=144,size=1
span	id=97,seg=0,start=133,size=12
span	id=98,seg=3,start=16,size=3
span	id=99,seg=3,start=19,size=3
span	id=100,seg=3,start=22,size=3
span	id=101,seg=3,start=25,size=3
span	id=102,seg=3,start=28,size=1
span	id=103,seg=3,start=29,size=3
span	id=104,seg=3,start=32,size=3
span	id=105,seg=3,start=35,size=1
span	id=106,seg=3,start=36,size=3
span	id=107,seg=3,start=39,size=3
span	id=108,seg=3,start=42,size=3
span	id=109,seg=3,start=45,size=3
span	id=110,seg=3,start=48,size=2
span	id=111,seg=3,start=50,size=2
span	id=112,seg=3,start=52,size=1
span	id=113,seg=3,start=16,size=37
span	id=114,seg=7,start=0,size=1
span	id=115,seg=7,start=1,size=2
span	id=116,seg=7,start=3,size=1
span	id=117,seg=7,start=4,size=2
span	id=118,seg=7,start=6,size=2
span	id=119,seg=7,start=8,size=2
span	id=120,seg=7,start=10,size=2
span	id=121,seg=7,start=12,size=3
span	id=122,seg=7,start=15,size=3
span	id=123,seg=7,start=18,size=3
span	id=124,seg=7,start=21,size=1
span	id=125,seg=7,start=22,size=3
span	id=126,seg=7,start=25,size=1
span	id=127,seg=7,start=0,size=29
span	id=128,seg=7,start=26,size=3
span	id=129,seg=0,start=145,size=2
span	id=130,seg=0,start=147,size=1
span	id=131,seg=0,start=148,size=2
span	id=132,seg=0,start=150,size=2
span	id=133,seg=0,start=152,size=2
span	id=134,seg=0,start=154,size=1
span	id=135,seg=0,start=155,size=2
span	id=136,seg=0,start=157,size=1
span	id=137,seg=0,start=145,size=13
span	id=138,seg=8,start=0,size=5,type=5
span	id=139,seg=8,start=5,size=1,type=2
span	id=140,seg=8,start=6,size=1,type=2
span	id=141,seg=8,start=7,size=1,type=2
span	id=142,seg=8,start=8,size=2,type=3
span	id=143,seg=8,start=10,size=2,type=3
span	id=144,seg=8,start=0,size=12
span	id=145,seg=0,start=158,size=2
span	id=146,seg=0,start=160,size=2
span	id=147,seg=0,start=162,size=1
span	id=148,seg=0,start=163,size=1
span	id=149,seg=0,start=164,size=2
span	id=150,seg=0,start=166,size=1
span	id=151,seg=0,start=158,size=9
span	id=152,seg=0,start=167,size=2
span	id=153,seg=0,start=169,size=2
span	id=154,seg=0,start=171,size=1
span	id=155,seg=0,start=172,size=2
span	id=156,seg=0,start=174,size=1
span	id=157,seg=0,start=175,size=2
span	id=158,seg=0,start=177,size=2
span	id=159,seg=0,start=179,size=2
span	id=160,seg=0,start=181,size=2
span	id=161,seg=0,start=183,size=2
span	id=162,seg=0,start=185,size=1
span	id=163,seg=0,start=186,size=2
span	id=164,seg=0,start=188,size=1
span	id=165,seg=0,start=189,size=1
span	id=166,seg=0,start=190,size=2
span	id=167,seg=0,start=192,size=1
span	id=168,seg=0,start=171,size=22
span	id=169,seg=0,start=167,size=26
span	id=170,seg=0,start=193,size=2
span	id=171,seg=0,start=195,size=2
span	id=172,seg=0,start=197,size=1
span	id=173,seg=0,start=198,size=1
span	id=174,seg=0,start=199,size=1
span	id=175,seg=0,start=200,size=2
span	id=176,seg=0,start=202,size=1
span	id=177,seg=0,start=203,size=1
span	id=178,seg=0,start=193,size=11
span	id=179,seg=0,start=204,size=2
span	id=180,seg=0,start=206,size=2
span	id=181,seg=0,start=208,size=2
span	id=182,seg=0,start=210,size=2
span	id=183,seg=0,start=212,size=2
span	id=184,seg=0,start=214,size=1
span	id=185,seg=0,start=215,size=2
span	id=186,seg=0,start=217,size=2
span	id=187,seg=0,start=219,size=2
span	id=188,seg=0,start=221,size=1
span	id=189,seg=0,start=222,size=2
span	id=190,seg=0,start=224,size=2
span	id=191,seg=0,start=226,size=1
span	id=192,seg=0,start=227,size=2
span	id=193,seg=0,start=229,size=2
span	id=194,seg=0,start=231,size=2
span	id=195,seg=0,start=233,size=2
span	id=196,seg=0,start=235,size=1
span	id=197,seg=0,start=236,size=2
span	id=198,seg=0,start=204,size=35
span	id=199,seg=0,start=238,size=1
span	id=200,seg=4,start=0,size=2
span	id=201,seg=4,start=2,size=2
span	id=202,seg=4,start=4,size=4
span	id=203,seg=4,start=8,size=2
span	id=204,seg=4,start=10,size=2
span	id=205,seg=4,start=12,size=2
span	id=206,seg=4,start=14,size=2
span	id=207,seg=4,start=16,size=1
span	id=208,seg=4,start=17,size=1
span	id=209,seg=4,start=18,size=1
span	id=210,seg=4,start=19,size=1
span	id=211,seg=4,start=0,size=26
span	id=212,seg=4,start=20,size=6
scope	id=0,name="",mod=0,size=93,span=58+6+57
scope	id=1,name="_main",mod=0,type=scope,size=93,parent=0,sym=14,span=56+57
scope	id=2,name="",mod=1,size=17,span=71
scope	id=3,name="",mod=2,size=23,span=83+80
scope	id=4,name="callmain",mod=2,type=scope,size=23,parent=3,sym=84,span=80
scope	id=5,name="",mod=3,size=12,span=90+113+97
scope	id=6,name="initlib",mod=3,type=scope,size=12,parent=5,sym=127,span=90
scope	id=7,name="donelib",mod=3,type=scope,size=12,parent=5,sym=126,span=97
scope	id=8,name="condes",mod=3,type=scope,size=37,parent=5,sym=125,span=113
scope	id=9,name="",mod=4,size=29,span=127
scope	id=10,name="",mod=5,size=13,span=137
scope	id=11,name="decsp2",mod=5,type=scope,size=13,parent=10,sym=203,span=137
scope	id=12,name="",mod=6,size=12,span=144
scope	id=13,name="",mod=7,size=9,span=151
scope	id=14,name="",mod=8
scope	id=15,name="",mod=9,size=26,span=169
scope	id=16,name="pushax",mod=9,type=scope,size=22,parent=15,sym=338,span=168
scope	id=17,name="",mod=10,size=11,span=178
scope	id=18,name="",mod=11,size=35,span=198
scope	id=19,name="",mod=12,size=26,span=211
sym	id=0,name="L0001",addrsize=absolute,size=1,scope=1,def=35+73,ref=62,val=0x285,seg=0,type=lab
sym	id=1,name="L0007",addrsize=absolute,size=2,scope=1,def=11+54,ref=74,val=0x276,seg=0,type=lab
sym	id=2,name="M0001",addrsize=absolute,scope=1,def=5,ref=77+51,val=0x328,seg=3,type=lab
sym	id=3,name="addeqysp",addrsize=absolute,scope=1,def=37,ref=75+57,type=imp,exp=49
sym	id=4,name="L0003",addrsize=absolute,size=3,scope=1,def=77+56,ref=23,val=0x26E,seg=0,type=lab
sym	id=5,name="L0005",addrsize=absolute,size=2,scope=1,def=53+63,ref=64+64+64,val=0x258,seg=0,type=lab
sym	id=6,name="L0006",addrsize=absolute,size=1,scope=1,def=14+28,ref=26,val=0x24A,seg=0,type=lab
sym	id=7,name="ldaxysp",addrsize=absolute,scope=1,def=37,ref=33+25,type=imp,exp=267
sym	id=8,name="L0002",addrsize=absolute,size=2,scope=1,def=52+28,ref=18,val=0x23C,seg=0,type=lab
sym	id=9,name="staxysp",addrsize=absolute,scope=1,def=37,ref=15,type=imp,exp=372
sym	id=10,name="decsp2",addrsize=absolute,scope=1,def=37,ref=34,type=imp,exp=203
sym	id=11,name="pushax",addrsize=absolute,scope=1,def=37,ref=19,type=imp,exp=338
sym	id=12,name="S0001",addrsize=absolute,scope=0,def=47,ref=10,val=0x318,seg=1,type=lab
sym	id=13,name="_static_char",addrsize=absolute,scope=0,def=0,ref=39+49,val=0x320,seg=3,type=lab
sym	id=14,name="_main",addrsize=absolute,size=93,scope=0,def=38,ref=2,val=0x229,seg=0,type=lab
sym	id=15,name="_p1",addrsize=absolute,scope=0,def=70,ref=21,val=0x324,seg=3,type=lab
sym	id=16,name="_my_color",addrsize=absolute,scope=0,def=42,ref=27,val=0x323,seg=3,type=lab
sym	id=17,name="_const_string",addrsize=absolute,scope=0,def=61,ref=41,val=0x321,seg=3,type=lab
sym	id=18,name="_global_int",addrsize=absolute,scope=0,def=50,ref=60,val=0x31E,seg=3,type=lab
sym	id=19,name="CPU_65CE02",addrsize=absolute,scope=0,def=13,val=0x2022,type=equ
sym	id=20,name="CPU_W65C02",addrsize=absolute,scope=0,def=13,val=0x1032,type=equ
sym	id=21,name="CPU_45GS02",addrsize=absolute,scope=0,def=13,val=0x2C22,type=equ
sym	id=22,name="CPU_4510",addrsize=absolute,scope=0,def=13,val=0x2422,type=equ
sym	id=23,name="CPU_M740",addrsize=absolute,scope=0,def=13,val=0x202,type=equ
sym	id=24,name="CPU_HUC6280",addrsize=absolute,scope=0,def=13,val=0x132,type=equ
sym	id=25,name="CPU_SWEET16",addrsize=zeropage,scope=0,def=13,val=0x80,type=equ
sym	id=26,name="CPU_65816",addrsize=zeropage,scope=0,def=13,val=0x52,type=equ
sym	id=27,name="CPU_65C02",addrsize=zeropage,scope=0,def=13,val=0x32,type=equ
sym	id=28,name="CPU_65SC02",addrsize=zeropage,scope=0,def=13,val=0x12,type=equ
sym	id=29,name="CPU_6502DTV",addrsize=zeropage,scope=0,def=13,val=0xA,type=equ
sym	id=30,name="CPU_6502X",addrsize=zeropage,scope=0,def=13,val=0x6,type=equ
sym	id=31,name="CPU_6502",addrsize=zeropage,scope=0,def=13,val=0x2,type=equ
sym	id=32,name="CPU_NONE",addrsize=zeropage,scope=0,def=13,val=0x1,type=equ
sym	id=33,name="CPU_ISET_65CE02",addrsize=absolute,scope=0,def=13,val=0x2000,type=equ
sym	id=34,name="CPU_ISET_W65C02",addrsize=absolute,scope=0,def=13,val=0x1000,type=equ
sym	id=35,name="CPU_ISET_45GS02",addrsize=absolute,scope=0,def=13,val=0x800,type=equ
sym	id=36,name="CPU_ISET_4510",addrsize=absolute,scope=0,def=13,val=0x400,type=equ
sym	id=37,name="CPU_ISET_M740",addrsize=absolute,scope=0,def=13,val=0x200,type=equ
sym	id=38,name="CPU_ISET_HUC6280",addrsize=absolute,scope=0,def=13,val=0x100,type=equ
sym	id=39,name="CPU_ISET_SWEET16",addrsize=zeropage,scope=0,def=13,val=0x80,type=equ
sym	id=40,name="CPU_ISET_65816",addrsize=zeropage,scope=0,def=13,val=0x40,type=equ
sym	id=41,name="CPU_ISET_65C02",addrsize=zeropage,scope=0,def=13,val=0x20,type=equ
sym	id=42,name="CPU_ISET_65SC02",addrsize=zeropage,scope=0,def=13,val=0x10,type=equ
sym	id=43,name="CPU_ISET_6502DTV",addrsize=zeropage,scope=0,def=13,val=0x8,type=equ
sym	id=44,name="CPU_ISET_6502X",addrsize=zeropage,scope=0,def=13,val=0x4,type=equ
sym	id=45,name="CPU_ISET_6502",addrsize=zeropage,scope=0,def=13,val=0x2,type=equ
sym	id=46,name="CPU_ISET_NONE",addrsize=zeropage,scope=0,def=13,val=0x1,type=equ
sym	id=47,name="__SIM6502__",addrsize=zeropage,scope=0,def=13,val=0x1,type=equ
sym	id=48,name="c_sp",addrsize=zeropage,scope=2,def=91,ref=84+95+79+82,type=imp,exp=453
sym	id=49,name="addeqysp",addrsize=absolute,scope=2,def=88,ref=89,val=0x288,seg=0,type=lab
sym	id=50,name="addeq0sp",addrsize=absolute,scope=2,def=93,ref=89,val=0x286,seg=0,type=lab
sym	id=51,name="CPU_65CE02",addrsize=absolute,scope=2,def=81,val=0x2022,type=equ
sym	id=52,name="CPU_W65C02",addrsize=absolute,scope=2,def=81,val=0x1032,type=equ
sym	id=53,name="CPU_45GS02",addrsize=absolute,scope=2,def=81,val=0x2C22,type=equ
sym	id=54,name="CPU_4510",addrsize=absolute,scope=2,def=81,val=0x2422,type=equ
sym	id=55,name="CPU_M740",addrsize=absolute,scope=2,def=81,val=0x202,type=equ
sym	id=56,name="CPU_HUC6280",addrsize=absolute,scope=2,def=81,val=0x132,type=equ
sym	id=57,name="CPU_SWEET16",addrsize=zeropage,scope=2,def=81,val=0x80,type=equ
sym	id=58,name="CPU_65816",addrsize=zeropage,scope=2,def=81,val=0x52,type=equ
sym	id=59,name="CPU_65C02",addrsize=zeropage,scope=2,def=81,val=0x32,type=equ
sym	id=60,name="CPU_65SC02",addrsize=zeropage,scope=2,def=81,val=0x12,type=equ
sym	id=61,name="CPU_6502DTV",addrsize=zeropage,scope=2,def=81,val=0xA,type=equ
sym	id=62,name="CPU_6502X",addrsize=zeropage,scope=2,def=81,val=0x6,type=equ
sym	id=63,name="CPU_6502",addrsize=zeropage,scope=2,def=81,val=0x2,type=equ
sym	id=64,name="CPU_NONE",addrsize=zeropage,scope=2,def=81,val=0x1,type=equ
sym	id=65,name="CPU_ISET_65CE02",addrsize=absolute,scope=2,def=81,val=0x2000,type=equ
sym	id=66,name="CPU_ISET_W65C02",addrsize=absolute,scope=2,def=81,val=0x1000,type=equ
sym	id=67,name="CPU_ISET_45GS02",addrsize=absolute,scope=2,def=81,val=0x800,type=equ
sym	id=68,name="CPU_ISET_4510",addrsize=absolute,scope=2,def=81,val=0x400,type=equ
sym	id=69,name="CPU_ISET_M740",addrsize=absolute,scope=2,def=81,val=0x200,type=equ
sym	id=70,name="CPU_ISET_HUC6280",addrsize=absolute,scope=2,def=81,val=0x100,type=equ
sym	id=71,name="CPU_ISET_SWEET16",addrsize=zeropage,scope=2,def=81,val=0x80,type=equ
sym	id=72,name="CPU_ISET_65816",addrsize=zeropage,scope=2,def=81,val=0x40,type=equ
sym	id=73,name="CPU_ISET_65C02",addrsize=zeropage,scope=2,def=81,val=0x20,type=equ
sym	id=74,name="CPU_ISET_65SC02",addrsize=zeropage,scope=2,def=81,val=0x10,type=equ
sym	id=75,name="CPU_ISET_6502DTV",addrsize=zeropage,scope=2,def=81,val=0x8,type=equ
sym	id=76,name="CPU_ISET_6502X",addrsize=zeropage,scope=2,def=81,val=0x4,type=equ
sym	id=77,name="CPU_ISET_6502",addrsize=zeropage,scope=2,def=81,val=0x2,type=equ
sym	id=78,name="CPU_ISET_NONE",addrsize=zeropage,scope=2,def=81,val=0x1,type=equ
sym	id=79,name="__SIM6502__",addrsize=zeropage,scope=2,def=81,val=0x1,type=equ
sym	id=80,name="pushax",addrsize=absolute,scope=3,def=98,ref=101+113,type=imp,exp=338
sym	id=81,name="_main",addrsize=absolute,scope=3,def=98,ref=110,type=imp,exp=14
sym	id=82,name="__argv",addrsize=absolute,size=2,scope=3,def=104,ref=100+103+108,val=0x32C,seg=3,type=lab
sym	id=83,name="__argc",addrsize=absolute,size=2,scope=3,def=112,ref=100+102+97,val=0x32A,seg=3,type=lab
sym	id=84,name="callmain",addrsize=absolute,size=23,scope=3,def=105,ref=107,val=0x297,seg=0,type=lab
sym	id=85,name="CPU_65CE02",addrsize=absolute,scope=3,def=99,val=0x2022,type=equ
sym	id=86,name="CPU_W65C02",addrsize=absolute,scope=3,def=99,val=0x1032,type=equ
sym	id=87,name="CPU_45GS02",addrsize=absolute,scope=3,def=99,val=0x2C22,type=equ
sym	id=88,name="CPU_4510",addrsize=absolute,scope=3,def=99,val=0x2422,type=equ
sym	id=89,name="CPU_M740",addrsize=absolute,scope=3,def=99,val=0x202,type=equ
sym	id=90,name="CPU_HUC6280",addrsize=absolute,scope=3,def=99,val=0x132,type=equ
sym	id=91,name="CPU_SWEET16",addrsize=zeropage,scope=3,def=99,val=0x80,type=equ
sym	id=92,name="CPU_65816",addrsize=zeropage,scope=3,def=99,val=0x52,type=equ
sym	id=93,name="CPU_65C02",addrsize=zeropage,scope=3,def=99,val=0x32,type=equ
sym	id=94,name="CPU_65SC02",addrsize=zeropage,scope=3,def=99,val=0x12,type=equ
sym	id=95,name="CPU_6502DTV",addrsize=zeropage,scope=3,def=99,val=0xA,type=equ
sym	id=96,name="CPU_6502X",addrsize=zeropage,scope=3,def=99,val=0x6,type=equ
sym	id=97,name="CPU_6502",addrsize=zeropage,scope=3,def=99,val=0x2,type=equ
sym	id=98,name="CPU_NONE",addrsize=zeropage,scope=3,def=99,val=0x1,type=equ
sym	id=99,name="CPU_ISET_65CE02",addrsize=absolute,scope=3,def=99,val=0x2000,type=equ
sym	id=100,name="CPU_ISET_W65C02",addrsize=absolute,scope=3,def=99,val=0x1000,type=equ
sym	id=101,name="CPU_ISET_45GS02",addrsize=absolute,scope=3,def=99,val=0x800,type=equ
sym	id=102,name="CPU_ISET_4510",addrsize=absolute,scope=3,def=99,val=0x400,type=equ
sym	id=103,name="CPU_ISET_M740",addrsize=absolute,scope=3,def=99,val=0x200,type=equ
sym	id=104,name="CPU_ISET_HUC6280",addrsize=absolute,scope=3,def=99,val=0x100,type=equ
sym	id=105,name="CPU_ISET_SWEET16",addrsize=zeropage,scope=3,def=99,val=0x80,type=equ
sym	id=106,name="CPU_ISET_65816",addrsize=zeropage,scope=3,def=99,val=0x40,type=equ
sym	id=107,name="CPU_ISET_65C02",addrsize=zeropage,scope=3,def=99,val=0x20,type=equ
sym	id=108,name="CPU_ISET_65SC02",addrsize=zeropage,scope=3,def=99,val=0x10,type=equ
sym	id=109,name="CPU_ISET_6502DTV",addrsize=zeropage,scope=3,def=99,val=0x8,type=equ
sym	id=110,name="CPU_ISET_6502X",addrsize=zeropage,scope=3,def=99,val=0x4,type=equ
sym	id=111,name="CPU_ISET_6502",addrsize=zeropage,scope=3,def=99,val=0x2,type=equ
sym	id=112,name="CPU_ISET_NONE",addrsize=zeropage,scope=3,def=99,val=0x1,type=equ
sym	id=113,name="__SIM6502__",addrsize=zeropage,scope=3,def=99,val=0x1,type=equ
sym	id=114,name="index",addrsize=absolute,size=2,scope=8,def=127,ref=132,val=0x34E,seg=3,type=lab
sym	id=115,name="jmpvec",addrsize=absolute,size=3,scope=8,def=143,ref=138+137,val=0x34B,seg=3,type=lab
sym	id=116,name="loop",addrsize=absolute,size=1,scope=8,def=150,ref=120,val=0x33A,seg=3,type=lab
sym	id=117,name="fetch2",addrsize=absolute,size=3,scope=8,def=121,ref=148+125,val=0x342,seg=3,type=lab
sym	id=118,name="fetch1",addrsize=absolute,size=3,scope=8,def=128,ref=139+130,val=0x33B,seg=3,type=lab
sym	id=119,name="exit",addrsize=absolute,size=1,scope=7,def=141,ref=133,val=0x2B9,seg=0,type=lab
sym	id=120,name="exit",addrsize=absolute,size=1,scope=6,def=134,ref=136,val=0x228,seg=6,type=lab
sym	id=121,name="__DESTRUCTOR_COUNT__",addrsize=absolute,scope=5,def=115,ref=116,type=imp
sym	id=122,name="__DESTRUCTOR_TABLE__",addrsize=absolute,scope=5,def=115,ref=144+119,type=imp
sym	id=123,name="__CONSTRUCTOR_COUNT__",addrsize=absolute,scope=5,def=126,ref=118,type=imp
sym	id=124,name="__CONSTRUCTOR_TABLE__",addrsize=absolute,scope=5,def=126,ref=114+149,type=imp
sym	id=125,name="condes",addrsize=absolute,size=37,scope=5,def=124,ref=135+129+145,val=0x32E,seg=3,type=lab
sym	id=126,name="donelib",addrsize=absolute,size=12,scope=5,def=151,ref=135,val=0x2AE,seg=0,type=lab
sym	id=127,name="initlib",addrsize=absolute,size=12,scope=5,def=146,ref=135,val=0x21D,seg=6,type=lab
sym	id=128,name="CPU_65CE02",addrsize=absolute,scope=5,def=122,val=0x2022,type=equ
sym	id=129,name="CPU_W65C02",addrsize=absolute,scope=5,def=122,val=0x1032,type=equ
sym	id=130,name="CPU_45GS02",addrsize=absolute,scope=5,def=122,val=0x2C22,type=equ
sym	id=131,name="CPU_4510",addrsize=absolute,scope=5,def=122,val=0x2422,type=equ
sym	id=132,name="CPU_M740",addrsize=absolute,scope=5,def=122,val=0x202,type=equ
sym	id=133,name="CPU_HUC6280",addrsize=absolute,scope=5,def=122,val=0x132,type=equ
sym	id=134,name="CPU_SWEET16",addrsize=zeropage,scope=5,def=122,val=0x80,type=equ
sym	id=135,name="CPU_65816",addrsize=zeropage,scope=5,def=122,val=0x52,type=equ
sym	id=136,name="CPU_65C02",addrsize=zeropage,scope=5,def=122,val=0x32,type=equ
sym	id=137,name="CPU_65SC02",addrsize=zeropage,scope=5,def=122,val=0x12,type=equ
sym	id=138,name="CPU_6502DTV",addrsize=zeropage,scope=5,def=122,val=0xA,type=equ
sym	id=139,name="CPU_6502X",addrsize=zeropage,scope=5,def=122,val=0x6,type=equ
sym	id=140,name="CPU_6502",addrsize=zeropage,scope=5,def=122,val=0x2,type=equ
sym	id=141,name="CPU_NONE",addrsize=zeropage,scope=5,def=122,val=0x1,type=equ
sym	id=142,name="CPU_ISET_65CE02",addrsize=absolute,scope=5,def=122,val=0x2000,type=equ
sym	id=143,name="CPU_ISET_W65C02",addrsize=absolute,scope=5,def=122,val=0x1000,type=equ
sym	id=144,name="CPU_ISET_45GS02",addrsize=absolute,scope=5,def=122,val=0x800,type=equ
sym	id=145,name="CPU_ISET_4510",addrsize=absolute,scope=5,def=122,val=0x400,type=equ
sym	id=146,name="CPU_ISET_M740",addrsize=absolute,scope=5,def=122,val=0x200,type=equ
sym	id=147,name="CPU_ISET_HUC6280",addrsize=absolute,scope=5,def=122,val=0x100,type=equ
sym	id=148,name="CPU_ISET_SWEET16",addrsize=zeropage,scope=5,def=122,val=0x80,type=equ
sym	id=149,name="CPU_ISET_65816",addrsize=zeropage,scope=5,def=122,val=0x40,type=equ
sym	id=150,name="CPU_ISET_65C02",addrsize=zeropage,scope=5,def=122,val=0x20,type=equ
sym	id=151,name="CPU_ISET_65SC02",addrsize=zeropage,scope=5,def=122,val=0x10,type=equ
sym	id=152,name="CPU_ISET_6502DTV",addrsize=zeropage,scope=5,def=122,val=0x8,type=equ
sym	id=153,name="CPU_ISET_6502X",addrsize=zeropage,scope=5,def=122,val=0x4,type=equ
sym	id=154,name="CPU_ISET_6502",addrsize=zeropage,scope=5,def=122,val=0x2,type=equ
sym	id=155,name="CPU_ISET_NONE",addrsize=zeropage,scope=5,def=122,val=0x1,type=equ
sym	id=156,name="__SIM6502__",addrsize=zeropage,scope=5,def=122,val=0x1,type=equ
sym	id=157,name="zpsavespace",addrsize=zeropage,scope=9,def=164,val=0x14,type=equ
sym	id=158,name="zpspace",addrsize=zeropage,scope=9,def=175,ref=164,val=0x1A,type=equ
sym	id=159,name="regbanksize",addrsize=zeropage,scope=9,def=183,ref=164,val=0x6,type=equ
sym	id=160,name="c_sp",addrsize=zeropage,scope=9,def=161,ref=152+182,type=imp,exp=453
sym	id=161,name="__STACKSIZE__",addrsize=absolute,scope=9,def=162,ref=176+184,type=imp
sym	id=162,name="__MAIN_SIZE__",addrsize=absolute,scope=9,def=173,ref=176+184,type=imp
sym	id=163,name="__MAIN_START__",addrsize=absolute,scope=9,def=173,ref=176+184,type=imp
sym	id=164,name="exit",addrsize=absolute,scope=9,def=167,ref=169,type=imp,exp=306
sym	id=165,name="donelib",addrsize=absolute,scope=9,def=154,ref=185,type=imp,exp=126
sym	id=166,name="initlib",addrsize=absolute,scope=9,def=154,ref=155,type=imp,exp=127
sym	id=167,name="callmain",addrsize=absolute,scope=9,def=174,ref=171,type=imp,exp=84
sym	id=168,name="zerobss",addrsize=absolute,scope=9,def=174,ref=178,type=imp,exp=409
sym	id=169,name="__STARTUP__",addrsize=zeropage,scope=9,def=159,ref=159,val=0x1,type=equ
sym	id=170,name="startup",addrsize=absolute,size=1,scope=9,def=160,ref=172,val=0x200,seg=7,type=lab
sym	id=171,name="_exit",addrsize=absolute,size=1,scope=9,def=153,ref=168,val=0x215,seg=7,type=lab
sym	id=172,name="CPU_65CE02",addrsize=absolute,scope=9,def=157,val=0x2022,type=equ
sym	id=173,name="CPU_W65C02",addrsize=absolute,scope=9,def=157,val=0x1032,type=equ
sym	id=174,name="CPU_45GS02",addrsize=absolute,scope=9,def=157,val=0x2C22,type=equ
sym	id=175,name="CPU_4510",addrsize=absolute,scope=9,def=157,val=0x2422,type=equ
sym	id=176,name="CPU_M740",addrsize=absolute,scope=9,def=157,val=0x202,type=equ
sym	id=177,name="CPU_HUC6280",addrsize=absolute,scope=9,def=157,val=0x132,type=equ
sym	id=178,name="CPU_SWEET16",addrsize=zeropage,scope=9,def=157,val=0x80,type=equ
sym	id=179,name="CPU_65816",addrsize=zeropage,scope=9,def=157,val=0x52,type=equ
sym	id=180,name="CPU_65C02",addrsize=zeropage,scope=9,def=157,val=0x32,type=equ
sym	id=181,name="CPU_65SC02",addrsize=zeropage,scope=9,def=157,val=0x12,type=equ
sym	id=182,name="CPU_6502DTV",addrsize=zeropage,scope=9,def=157,val=0xA,type=equ
sym	id=183,name="CPU_6502X",addrsize=zeropage,scope=9,def=157,val=0x6,type=equ
sym	id=184,name="CPU_6502",addrsize=zeropage,scope=9,def=157,val=0x2,type=equ
sym	id=185,name="CPU_NONE",addrsize=zeropage,scope=9,def=157,val=0x1,type=equ
sym	id=186,name="CPU_ISET_65CE02",addrsize=absolute,scope=9,def=157,val=0x2000,type=equ
sym	id=187,name="CPU_ISET_W65C02",addrsize=absolute,scope=9,def=157,val=0x1000,type=equ
sym	id=188,name="CPU_ISET_45GS02",addrsize=absolute,scope=9,def=157,val=0x800,type=equ
sym	id=189,name="CPU_ISET_4510",addrsize=absolute,scope=9,def=157,val=0x400,type=equ
sym	id=190,name="CPU_ISET_M740",addrsize=absolute,scope=9,def=157,val=0x200,type=equ
sym	id=191,name="CPU_ISET_HUC6280",addrsize=absolute,scope=9,def=157,val=0x100,type=equ
sym	id=192,name="CPU_ISET_SWEET16",addrsize=zeropage,scope=9,def=157,val=0x80,type=equ
sym	id=193,name="CPU_ISET_65816",addrsize=zeropage,scope=9,def=157,val=0x40,type=equ
sym	id=194,name="CPU_ISET_65C02",addrsize=zeropage,scope=9,def=157,val=0x20,type=equ
sym	id=195,name="CPU_ISET_65SC02",addrsize=zeropage,scope=9,def=157,val=0x10,type=equ
sym	id=196,name="CPU_ISET_6502DTV",addrsize=zeropage,scope=9,def=157,val=0x8,type=equ
sym	id=197,name="CPU_ISET_6502X",addrsize=zeropage,scope=9,def=157,val=0x4,type=equ
sym	id=198,name="CPU_ISET_6502",addrsize=zeropage,scope=9,def=157,val=0x2,type=equ
sym	id=199,name="CPU_ISET_NONE",addrsize=zeropage,scope=9,def=157,val=0x1,type=equ
sym	id=200,name="__SIM6502__",addrsize=zeropage,scope=9,def=157,val=0x1,type=equ
sym	id=201,name="@L1",addrsize=absolute,size=2,parent=203,def=187,ref=195,val=0x2C4,seg=0,type=lab
sym	id=202,name="c_sp",addrsize=zeropage,scope=10,def=196,ref=193+199+187,type=imp,exp=453
sym	id=203,name="decsp2",addrsize=absolute,size=13,scope=10,def=198,ref=194,val=0x2BA,seg=0,type=lab
sym	id=204,name="CPU_65CE02",addrsize=absolute,scope=10,def=188,val=0x2022,type=equ
sym	id=205,name="CPU_W65C02",addrsize=absolute,scope=10,def=188,val=0x1032,type=equ
sym	id=206,name="CPU_45GS02",addrsize=absolute,scope=10,def=188,val=0x2C22,type=equ
sym	id=207,name="CPU_4510",addrsize=absolute,scope=10,def=188,val=0x2422,type=equ
sym	id=208,name="CPU_M740",addrsize=absolute,scope=10,def=188,val=0x202,type=equ
sym	id=209,name="CPU_HUC6280",addrsize=absolute,scope=10,def=188,val=0x132,type=equ
sym	id=210,name="CPU_SWEET16",addrsize=zeropage,scope=10,def=188,val=0x80,type=equ
sym	id=211,name="CPU_65816",addrsize=zeropage,scope=10,def=188,val=0x52,type=equ
sym	id=212,name="CPU_65C02",addrsize=zeropage,scope=10,def=188,val=0x32,type=equ
sym	id=213,name="CPU_65SC02",addrsize=zeropage,scope=10,def=188,val=0x12,type=equ
sym	id=214,name="CPU_6502DTV",addrsize=zeropage,scope=10,def=188,val=0xA,type=equ
sym	id=215,name="CPU_6502X",addrsize=zeropage,scope=10,def=188,val=0x6,type=equ
sym	id=216,name="CPU_6502",addrsize=zeropage,scope=10,def=188,val=0x2,type=equ
sym	id=217,name="CPU_NONE",addrsize=zeropage,scope=10,def=188,val=0x1,type=equ
sym	id=218,name="CPU_ISET_65CE02",addrsize=absolute,scope=10,def=188,val=0x2000,type=equ
sym	id=219,name="CPU_ISET_W65C02",addrsize=absolute,scope=10,def=188,val=0x1000,type=equ
sym	id=220,name="CPU_ISET_45GS02",addrsize=absolute,scope=10,def=188,val=0x800,type=equ
sym	id=221,name="CPU_ISET_4510",addrsize=absolute,scope=10,def=188,val=0x400,type=equ
sym	id=222,name="CPU_ISET_M740",addrsize=absolute,scope=10,def=188,val=0x200,type=equ
sym	id=223,name="CPU_ISET_HUC6280",addrsize=absolute,scope=10,def=188,val=0x100,type=equ
sym	id=224,name="CPU_ISET_SWEET16",addrsize=zeropage,scope=10,def=188,val=0x80,type=equ
sym	id=225,name="CPU_ISET_65816",addrsize=zeropage,scope=10,def=188,val=0x40,type=equ
sym	id=226,name="CPU_ISET_65C02",addrsize=zeropage,scope=10,def=188,val=0x20,type=equ
sym	id=227,name="CPU_ISET_65SC02",addrsize=zeropage,scope=10,def=188,val=0x10,type=equ
sym	id=228,name="CPU_ISET_6502DTV",addrsize=zeropage,scope=10,def=188,val=0x8,type=equ
sym	id=229,name="CPU_ISET_6502X",addrsize=zeropage,scope=10,def=188,val=0x4,type=equ
sym	id=230,name="CPU_ISET_6502",addrsize=zeropage,scope=10,def=188,val=0x2,type=equ
sym	id=231,name="CPU_ISET_NONE",addrsize=zeropage,scope=10,def=188,val=0x1,type=equ
sym	id=232,name="__SIM6502__",addrsize=zeropage,scope=10,def=188,val=0x1,type=equ
sym	id=233,name="startup",addrsize=absolute,scope=12,def=212,ref=214,type=imp,exp=170
sym	id=234,name="__MAIN_START__",addrsize=absolute,scope=12,def=203,ref=215,type=imp
sym	id=235,name="c_sp",addrsize=zeropage,scope=12,def=211,ref=201,type=imp,exp=453
sym	id=236,name="__EXEHDR__",addrsize=zeropage,scope=12,def=209,ref=209,val=0x1,type=equ
sym	id=237,name="CPU_65CE02",addrsize=absolute,scope=12,def=202,val=0x2022,type=equ
sym	id=238,name="CPU_W65C02",addrsize=absolute,scope=12,def=202,val=0x1032,type=equ
sym	id=239,name="CPU_45GS02",addrsize=absolute,scope=12,def=202,val=0x2C22,type=equ
sym	id=240,name="CPU_4510",addrsize=absolute,scope=12,def=202,val=0x2422,type=equ
sym	id=241,name="CPU_M740",addrsize=absolute,scope=12,def=202,val=0x202,type=equ
sym	id=242,name="CPU_HUC6280",addrsize=absolute,scope=12,def=202,val=0x132,type=equ
sym	id=243,name="CPU_SWEET16",addrsize=zeropage,scope=12,def=202,val=0x80,type=equ
sym	id=244,name="CPU_65816",addrsize=zeropage,scope=12,def=202,val=0x52,type=equ
sym	id=245,name="CPU_65C02",addrsize=zeropage,scope=12,def=202,val=0x32,type=equ
sym	id=246,name="CPU_65SC02",addrsize=zeropage,scope=12,def=202,val=0x12,type=equ
sym	id=247,name="CPU_6502DTV",addrsize=zeropage,scope=12,def=202,val=0xA,type=equ
sym	id=248,name="CPU_6502X",addrsize=zeropage,scope=12,def=202,val=0x6,type=equ
sym	id=249,name="CPU_6502",addrsize=zeropage,scope=12,def=202,val=0x2,type=equ
sym	id=250,name="CPU_NONE",addrsize=zeropage,scope=12,def=202,val=0x1,type=equ
sym	id=251,name="CPU_ISET_65CE02",addrsize=absolute,scope=12,def=202,val=0x2000,type=equ
sym	id=252,name="CPU_ISET_W65C02",addrsize=absolute,scope=12,def=202,val=0x1000,type=equ
sym	id=253,name="CPU_ISET_45GS02",addrsize=absolute,scope=12,def=202,val=0x800,type=equ
sym	id=254,name="CPU_ISET_4510",addrsize=absolute,scope=12,def=202,val=0x400,type=equ
sym	id=255,name="CPU_ISET_M740",addrsize=absolute,scope=12,def=202,val=0x200,type=equ
sym	id=256,name="CPU_ISET_HUC6280",addrsize=absolute,scope=12,def=202,val=0x100,type=equ
sym	id=257,name="CPU_ISET_SWEET16",addrsize=zeropage,scope=12,def=202,val=0x80,type=equ
sym	id=258,name="CPU_ISET_65816",addrsize=zeropage,scope=12,def=202,val=0x40,type=equ
sym	id=259,name="CPU_ISET_65C02",addrsize=zeropage,scope=12,def=202,ref=205,val=0x20,type=equ
sym	id=260,name="CPU_ISET_65SC02",addrsize=zeropage,scope=12,def=202,val=0x10,type=equ
sym	id=261,name="CPU_ISET_6502DTV",addrsize=zeropage,scope=12,def=202,val=0x8,type=equ
sym	id=262,name="CPU_ISET_6502X",addrsize=zeropage,scope=12,def=202,ref=210,val=0x4,type=equ
sym	id=263,name="CPU_ISET_6502",addrsize=zeropage,scope=12,def=202,ref=204,val=0x2,type=equ
sym	id=264,name="CPU_ISET_NONE",addrsize=zeropage,scope=12,def=202,val=0x1,type=equ
sym	id=265,name="__SIM6502__",addrsize=zeropage,scope=12,def=202,val=0x1,type=equ
sym	id=266,name="c_sp",addrsize=zeropage,scope=13,def=225,ref=227+219,type=imp,exp=453
sym	id=267,name="ldaxysp",addrsize=absolute,scope=13,def=220,ref=223,val=0x2C9,seg=0,type=lab
sym	id=268,name="ldax0sp",addrsize=absolute,scope=13,def=222,ref=223,val=0x2C7,seg=0,type=lab
sym	id=269,name="CPU_65CE02",addrsize=absolute,scope=13,def=217,val=0x2022,type=equ
sym	id=270,name="CPU_W65C02",addrsize=absolute,scope=13,def=217,val=0x1032,type=equ
sym	id=271,name="CPU_45GS02",addrsize=absolute,scope=13,def=217,val=0x2C22,type=equ
sym	id=272,name="CPU_4510",addrsize=absolute,scope=13,def=217,val=0x2422,type=equ
sym	id=273,name="CPU_M740",addrsize=absolute,scope=13,def=217,val=0x202,type=equ
sym	id=274,name="CPU_HUC6280",addrsize=absolute,scope=13,def=217,val=0x132,type=equ
sym	id=275,name="CPU_SWEET16",addrsize=zeropage,scope=13,def=217,val=0x80,type=equ
sym	id=276,name="CPU_65816",addrsize=zeropage,scope=13,def=217,val=0x52,type=equ
sym	id=277,name="CPU_65C02",addrsize=zeropage,scope=13,def=217,val=0x32,type=equ
sym	id=278,name="CPU_65SC02",addrsize=zeropage,scope=13,def=217,val=0x12,type=equ
sym	id=279,name="CPU_6502DTV",addrsize=zeropage,scope=13,def=217,val=0xA,type=equ
sym	id=280,name="CPU_6502X",addrsize=zeropage,scope=13,def=217,val=0x6,type=equ
sym	id=281,name="CPU_6502",addrsize=zeropage,scope=13,def=217,val=0x2,type=equ
sym	id=282,name="CPU_NONE",addrsize=zeropage,scope=13,def=217,val=0x1,type=equ
sym	id=283,name="CPU_ISET_65CE02",addrsize=absolute,scope=13,def=217,val=0x2000,type=equ
sym	id=284,name="CPU_ISET_W65C02",addrsize=absolute,scope=13,def=217,val=0x1000,type=equ
sym	id=285,name="CPU_ISET_45GS02",addrsize=absolute,scope=13,def=217,val=0x800,type=equ
sym	id=286,name="CPU_ISET_4510",addrsize=absolute,scope=13,def=217,val=0x400,type=equ
sym	id=287,name="CPU_ISET_M740",addrsize=absolute,scope=13,def=217,val=0x200,type=equ
sym	id=288,name="CPU_ISET_HUC6280",addrsize=absolute,scope=13,def=217,val=0x100,type=equ
sym	id=289,name="CPU_ISET_SWEET16",addrsize=zeropage,scope=13,def=217,val=0x80,type=equ
sym	id=290,name="CPU_ISET_65816",addrsize=zeropage,scope=13,def=217,val=0x40,type=equ
sym	id=291,name="CPU_ISET_65C02",addrsize=zeropage,scope=13,def=217,val=0x20,type=equ
sym	id=292,name="CPU_ISET_65SC02",addrsize=zeropage,scope=13,def=217,val=0x10,type=equ
sym	id=293,name="CPU_ISET_6502DTV",addrsize=zeropage,scope=13,def=217,val=0x8,type=equ
sym	id=294,name="CPU_ISET_6502X",addrsize=zeropage,scope=13,def=217,val=0x4,type=equ
sym	id=295,name="CPU_ISET_6502",addrsize=zeropage,scope=13,def=217,val=0x2,type=equ
sym	id=296,name="CPU_ISET_NONE",addrsize=zeropage,scope=13,def=217,val=0x1,type=equ
sym	id=297,name="__SIM6502__",addrsize=zeropage,scope=13,def=217,val=0x1,type=equ
sym	id=298,name="___osmaperrno",addrsize=absolute,scope=14,def=239,ref=229,val=0xFFF3,type=lab
sym	id=299,name="__sysremove",addrsize=absolute,scope=14,def=233,ref=229,val=0xFFF2,type=lab
sym	id=300,name="_lseek",addrsize=absolute,scope=14,def=237,ref=238,val=0xFFF1,type=lab
sym	id=301,name="_write",addrsize=absolute,scope=14,def=228,ref=238,val=0xFFF7,type=lab
sym	id=302,name="_read",addrsize=absolute,scope=14,def=232,ref=238,val=0xFFF6,type=lab
sym	id=303,name="_close",addrsize=absolute,scope=14,def=234,ref=238,val=0xFFF5,type=lab
sym	id=304,name="_open",addrsize=absolute,scope=14,def=236,ref=238,val=0xFFF4,type=lab
sym	id=305,name="args",addrsize=absolute,scope=14,def=231,ref=238,val=0xFFF8,type=lab
sym	id=306,name="exit",addrsize=absolute,scope=14,def=235,ref=238,val=0xFFF9,type=lab
sym	id=307,name="CPU_65CE02",addrsize=absolute,scope=14,def=230,val=0x2022,type=equ
sym	id=308,name="CPU_W65C02",addrsize=absolute,scope=14,def=230,val=0x1032,type=equ
sym	id=309,name="CPU_45GS02",addrsize=absolute,scope=14,def=230,val=0x2C22,type=equ
sym	id=310,name="CPU_4510",addrsize=absolute,scope=14,def=230,val=0x2422,type=equ
sym	id=311,name="CPU_M740",addrsize=absolute,scope=14,def=230,val=0x202,type=equ
sym	id=312,name="CPU_HUC6280",addrsize=absolute,scope=14,def=230,val=0x132,type=equ
sym	id=313,name="CPU_SWEET16",addrsize=zeropage,scope=14,def=230,val=0x80,type=equ
sym	id=314,name="CPU_65816",addrsize=zeropage,scope=14,def=230,val=0x52,type=equ
sym	id=315,name="CPU_65C02",addrsize=zeropage,scope=14,def=230,val=0x32,type=equ
sym	id=316,name="CPU_65SC02",addrsize=zeropage,scope=14,def=230,val=0x12,type=equ
sym	id=317,name="CPU_6502DTV",addrsize=zeropage,scope=14,def=230,val=0xA,type=equ
sym	id=318,name="CPU_6502X",addrsize=zeropage,scope=14,def=230,val=0x6,type=equ
sym	id=319,name="CPU_6502",addrsize=zeropage,scope=14,def=230,val=0x2,type=equ
sym	id=320,name="CPU_NONE",addrsize=zeropage,scope=14,def=230,val=0x1,type=equ
sym	id=321,name="CPU_ISET_65CE02",addrsize=absolute,scope=14,def=230,val=0x2000,type=equ
sym	id=322,name="CPU_ISET_W65C02",addrsize=absolute,scope=14,def=230,val=0x1000,type=equ
sym	id=323,name="CPU_ISET_45GS02",addrsize=absolute,scope=14,def=230,val=0x800,type=equ
sym	id=324,name="CPU_ISET_4510",addrsize=absolute,scope=14,def=230,val=0x400,type=equ
sym	id=325,name="CPU_ISET_M740",addrsize=absolute,scope=14,def=230,val=0x200,type=equ
sym	id=326,name="CPU_ISET_HUC6280",addrsize=absolute,scope=14,def=230,val=0x100,type=equ
sym	id=327,name="CPU_ISET_SWEET16",addrsize=zeropage,scope=14,def=230,val=0x80,type=equ
sym	id=328,name="CPU_ISET_65816",addrsize=zeropage,scope=14,def=230,val=0x40,type=equ
sym	id=329,name="CPU_ISET_65C02",addrsize=zeropage,scope=14,def=230,val=0x20,type=equ
sym	id=330,name="CPU_ISET_65SC02",addrsize=zeropage,scope=14,def=230,val=0x10,type=equ
sym	id=331,name="CPU_ISET_6502DTV",addrsize=zeropage,scope=14,def=230,val=0x8,type=equ
sym	id=332,name="CPU_ISET_6502X",addrsize=zeropage,scope=14,def=230,val=0x4,type=equ
sym	id=333,name="CPU_ISET_6502",addrsize=zeropage,scope=14,def=230,val=0x2,type=equ
sym	id=334,name="CPU_ISET_NONE",addrsize=zeropage,scope=14,def=230,val=0x1,type=equ
sym	id=335,name="__SIM6502__",addrsize=zeropage,scope=14,def=230,val=0x1,type=equ
sym	id=336,name="@L1",addrsize=absolute,size=2,parent=338,def=256,ref=240,val=0x2E0,seg=0,type=lab
sym	id=337,name="c_sp",addrsize=zeropage,scope=15,def=252,ref=248+261+258+251+259,type=imp,exp=453
sym	id=338,name="pushax",addrsize=absolute,size=22,scope=15,def=247,ref=250,val=0x2D4,seg=0,type=lab
sym	id=339,name="pusha0",addrsize=absolute,size=2,scope=15,def=242,ref=250,val=0x2D2,seg=0,type=lab
sym	id=340,name="push0",addrsize=absolute,size=2,scope=15,def=253,ref=250,val=0x2D0,seg=0,type=lab
sym	id=341,name="CPU_65CE02",addrsize=absolute,scope=15,def=244,val=0x2022,type=equ
sym	id=342,name="CPU_W65C02",addrsize=absolute,scope=15,def=244,val=0x1032,type=equ
sym	id=343,name="CPU_45GS02",addrsize=absolute,scope=15,def=244,val=0x2C22,type=equ
sym	id=344,name="CPU_4510",addrsize=absolute,scope=15,def=244,val=0x2422,type=equ
sym	id=345,name="CPU_M740",addrsize=absolute,scope=15,def=244,val=0x202,type=equ
sym	id=346,name="CPU_HUC6280",addrsize=absolute,scope=15,def=244,val=0x132,type=equ
sym	id=347,name="CPU_SWEET16",addrsize=zeropage,scope=15,def=244,val=0x80,type=equ
sym	id=348,name="CPU_65816",addrsize=zeropage,scope=15,def=244,val=0x52,type=equ
sym	id=349,name="CPU_65C02",addrsize=zeropage,scope=15,def=244,val=0x32,type=equ
sym	id=350,name="CPU_65SC02",addrsize=zeropage,scope=15,def=244,val=0x12,type=equ
sym	id=351,name="CPU_6502DTV",addrsize=zeropage,scope=15,def=244,val=0xA,type=equ
sym	id=352,name="CPU_6502X",addrsize=zeropage,scope=15,def=244,val=0x6,type=equ
sym	id=353,name="CPU_6502",addrsize=zeropage,scope=15,def=244,val=0x2,type=equ
sym	id=354,name="CPU_NONE",addrsize=zeropage,scope=15,def=244,val=0x1,type=equ
sym	id=355,name="CPU_ISET_65CE02",addrsize=absolute,scope=15,def=244,val=0x2000,type=equ
sym	id=356,name="CPU_ISET_W65C02",addrsize=absolute,scope=15,def=244,val=0x1000,type=equ
sym	id=357,name="CPU_ISET_45GS02",addrsize=absolute,scope=15,def=244,val=0x800,type=equ
sym	id=358,name="CPU_ISET_4510",addrsize=absolute,scope=15,def=244,val=0x400,type=equ
sym	id=359,name="CPU_ISET_M740",addrsize=absolute,scope=15,def=244,val=0x200,type=equ
sym	id=360,name="CPU_ISET_HUC6280",addrsize=absolute,scope=15,def=244,val=0x100,type=equ
sym	id=361,name="CPU_ISET_SWEET16",addrsize=zeropage,scope=15,def=244,val=0x80,type=equ
sym	id=362,name="CPU_ISET_65816",addrsize=zeropage,scope=15,def=244,val=0x40,type=equ
sym	id=363,name="CPU_ISET_65C02",addrsize=zeropage,scope=15,def=244,val=0x20,type=equ
sym	id=364,name="CPU_ISET_65SC02",addrsize=zeropage,scope=15,def=244,val=0x10,type=equ
sym	id=365,name="CPU_ISET_6502DTV",addrsize=zeropage,scope=15,def=244,val=0x8,type=equ
sym	id=366,name="CPU_ISET_6502X",addrsize=zeropage,scope=15,def=244,val=0x4,type=equ
sym	id=367,name="CPU_ISET_6502",addrsize=zeropage,scope=15,def=244,val=0x2,type=equ
sym	id=368,name="CPU_ISET_NONE",addrsize=zeropage,scope=15,def=244,val=0x1,type=equ
sym	id=369,name="__SIM6502__",addrsize=zeropage,scope=15,def=244,val=0x1,type=equ
sym	id=370,name="c_sp",addrsize=zeropage,scope=17,def=273,ref=274+269,type=imp,exp=453
sym	id=371,name="stax0sp",addrsize=absolute,scope=17,def=275,ref=271,val=0x2EA,seg=0,type=lab
sym	id=372,name="staxysp",addrsize=absolute,scope=17,def=270,ref=271,val=0x2EC,seg=0,type=lab
sym	id=373,name="CPU_65CE02",addrsize=absolute,scope=17,def=265,val=0x2022,type=equ
sym	id=374,name="CPU_W65C02",addrsize=absolute,scope=17,def=265,val=0x1032,type=equ
sym	id=375,name="CPU_45GS02",addrsize=absolute,scope=17,def=265,val=0x2C22,type=equ
sym	id=376,name="CPU_4510",addrsize=absolute,scope=17,def=265,val=0x2422,type=equ
sym	id=377,name="CPU_M740",addrsize=absolute,scope=17,def=265,val=0x202,type=equ
sym	id=378,name="CPU_HUC6280",addrsize=absolute,scope=17,def=265,val=0x132,type=equ
sym	id=379,name="CPU_SWEET16",addrsize=zeropage,scope=17,def=265,val=0x80,type=equ
sym	id=380,name="CPU_65816",addrsize=zeropage,scope=17,def=265,val=0x52,type=equ
sym	id=381,name="CPU_65C02",addrsize=zeropage,scope=17,def=265,val=0x32,type=equ
sym	id=382,name="CPU_65SC02",addrsize=zeropage,scope=17,def=265,val=0x12,type=equ
sym	id=383,name="CPU_6502DTV",addrsize=zeropage,scope=17,def=265,val=0xA,type=equ
sym	id=384,name="CPU_6502X",addrsize=zeropage,scope=17,def=265,val=0x6,type=equ
sym	id=385,name="CPU_6502",addrsize=zeropage,scope=17,def=265,val=0x2,type=equ
sym	id=386,name="CPU_NONE",addrsize=zeropage,scope=17,def=265,val=0x1,type=equ
sym	id=387,name="CPU_ISET_65CE02",addrsize=absolute,scope=17,def=265,val=0x2000,type=equ
sym	id=388,name="CPU_ISET_W65C02",addrsize=absolute,scope=17,def=265,val=0x1000,type=equ
sym	id=389,name="CPU_ISET_45GS02",addrsize=absolute,scope=17,def=265,val=0x800,type=equ
sym	id=390,name="CPU_ISET_4510",addrsize=absolute,scope=17,def=265,val=0x400,type=equ
sym	id=391,name="CPU_ISET_M740",addrsize=absolute,scope=17,def=265,val=0x200,type=equ
sym	id=392,name="CPU_ISET_HUC6280",addrsize=absolute,scope=17,def=265,val=0x100,type=equ
sym	id=393,name="CPU_ISET_SWEET16",addrsize=zeropage,scope=17,def=265,val=0x80,type=equ
sym	id=394,name="CPU_ISET_65816",addrsize=zeropage,scope=17,def=265,val=0x40,type=equ
sym	id=395,name="CPU_ISET_65C02",addrsize=zeropage,scope=17,def=265,val=0x20,type=equ
sym	id=396,name="CPU_ISET_65SC02",addrsize=zeropage,scope=17,def=265,val=0x10,type=equ
sym	id=397,name="CPU_ISET_6502DTV",addrsize=zeropage,scope=17,def=265,val=0x8,type=equ
sym	id=398,name="CPU_ISET_6502X",addrsize=zeropage,scope=17,def=265,val=0x4,type=equ
sym	id=399,name="CPU_ISET_6502",addrsize=zeropage,scope=17,def=265,val=0x2,type=equ
sym	id=400,name="CPU_ISET_NONE",addrsize=zeropage,scope=17,def=265,val=0x1,type=equ
sym	id=401,name="__SIM6502__",addrsize=zeropage,scope=17,def=265,val=0x1,type=equ
sym	id=402,name="L4",addrsize=absolute,size=1,scope=18,def=301,ref=289,val=0x317,seg=0,type=lab
sym	id=403,name="L2",addrsize=absolute,size=2,scope=18,def=296,ref=280+300,val=0x304,seg=0,type=lab
sym	id=404,name="L3",addrsize=absolute,size=2,scope=18,def=297,ref=277+298,val=0x30E,seg=0,type=lab
sym	id=405,name="L1",addrsize=absolute,size=2,scope=18,def=299,val=0x300,seg=0,type=lab
sym	id=406,name="ptr1",addrsize=zeropage,scope=18,def=283,ref=290+285+296+291+293,type=imp,exp=450
sym	id=407,name="__BSS_SIZE__",addrsize=absolute,scope=18,def=292,ref=299+297,type=imp
sym	id=408,name="__BSS_RUN__",addrsize=absolute,scope=18,def=292,ref=294+287,type=imp
sym	id=409,name="zerobss",addrsize=absolute,scope=18,def=286,ref=288,val=0x2F5,seg=0,type=lab
sym	id=410,name="CPU_65CE02",addrsize=absolute,scope=18,def=281,val=0x2022,type=equ
sym	id=411,name="CPU_W65C02",addrsize=absolute,scope=18,def=281,val=0x1032,type=equ
sym	id=412,name="CPU_45GS02",addrsize=absolute,scope=18,def=281,val=0x2C22,type=equ
sym	id=413,name="CPU_4510",addrsize=absolute,scope=18,def=281,val=0x2422,type=equ
sym	id=414,name="CPU_M740",addrsize=absolute,scope=18,def=281,val=0x202,type=equ
sym	id=415,name="CPU_HUC6280",addrsize=absolute,scope=18,def=281,val=0x132,type=equ
sym	id=416,name="CPU_SWEET16",addrsize=zeropage,scope=18,def=281,val=0x80,type=equ
sym	id=417,name="CPU_65816",addrsize=zeropage,scope=18,def=281,val=0x52,type=equ
sym	id=418,name="CPU_65C02",addrsize=zeropage,scope=18,def=281,val=0x32,type=equ
sym	id=419,name="CPU_65SC02",addrsize=zeropage,scope=18,def=281,val=0x12,type=equ
sym	id=420,name="CPU_6502DTV",addrsize=zeropage,scope=18,def=281,val=0xA,type=equ
sym	id=421,name="CPU_6502X",addrsize=zeropage,scope=18,def=281,val=0x6,type=equ
sym	id=422,name="CPU_6502",addrsize=zeropage,scope=18,def=281,val=0x2,type=equ
sym	id=423,name="CPU_NONE",addrsize=zeropage,scope=18,def=281,val=0x1,type=equ
sym	id=424,name="CPU_ISET_65CE02",addrsize=absolute,scope=18,def=281,val=0x2000,type=equ
sym	id=425,name="CPU_ISET_W65C02",addrsize=absolute,scope=18,def=281,val=0x1000,type=equ
sym	id=426,name="CPU_ISET_45GS02",addrsize=absolute,scope=18,def=281,val=0x800,type=equ
sym	id=427,name="CPU_ISET_4510",addrsize=absolute,scope=18,def=281,val=0x400,type=equ
sym	id=428,name="CPU_ISET_M740",addrsize=absolute,scope=18,def=281,val=0x200,type=equ
sym	id=429,name="CPU_ISET_HUC6280",addrsize=absolute,scope=18,def=281,val=0x100,type=equ
sym	id=430,name="CPU_ISET_SWEET16",addrsize=zeropage,scope=18,def=281,val=0x80,type=equ
sym	id=431,name="CPU_ISET_65816",addrsize=zeropage,scope=18,def=281,val=0x40,type=equ
sym	id=432,name="CPU_ISET_65C02",addrsize=zeropage,scope=18,def=281,val=0x20,type=equ
sym	id=433,name="CPU_ISET_65SC02",addrsize=zeropage,scope=18,def=281,val=0x10,type=equ
sym	id=434,name="CPU_ISET_6502DTV",addrsize=zeropage,scope=18,def=281,val=0x8,type=equ
sym	id=435,name="CPU_ISET_6502X",addrsize=zeropage,scope=18,def=281,val=0x4,type=equ
sym	id=436,name="CPU_ISET_6502",addrsize=zeropage,scope=18,def=281,val=0x2,type=equ
sym	id=437,name="CPU_ISET_NONE",addrsize=zeropage,scope=18,def=281,val=0x1,type=equ
sym	id=438,name="__SIM6502__",addrsize=zeropage,scope=18,def=281,val=0x1,type=equ
sym	id=439,name="zpsavespace",addrsize=zeropage,scope=19,def=312,val=0x14,type=equ
sym	id=440,name="zpspace",addrsize=zeropage,scope=19,def=318,ref=312,val=0x1A,type=equ
sym	id=441,name="regbanksize",addrsize=zeropage,scope=19,def=324,ref=312+325,val=0x6,type=equ
sym	id=442,name="regbank",addrsize=zeropage,size=6,scope=19,def=325,val=0x14,seg=4,type=lab
sym	id=443,name="tmp4",addrsize=zeropage,size=1,scope=19,def=319,val=0x13,seg=4,type=lab
sym	id=444,name="tmp3",addrsize=zeropage,size=1,scope=19,def=313,val=0x12,seg=4,type=lab
sym	id=445,name="tmp2",addrsize=zeropage,size=1,scope=19,def=311,val=0x11,seg=4,type=lab
sym	id=446,name="tmp1",addrsize=zeropage,size=1,scope=19,def=306,val=0x10,seg=4,type=lab
sym	id=447,name="ptr4",addrsize=zeropage,size=2,scope=19,def=302,val=0xE,seg=4,type=lab
sym	id=448,name="ptr3",addrsize=zeropage,size=2,scope=19,def=308,val=0xC,seg=4,type=lab
sym	id=449,name="ptr2",addrsize=zeropage,size=2,scope=19,def=310,val=0xA,seg=4,type=lab
sym	id=450,name="ptr1",addrsize=zeropage,size=2,scope=19,def=316,val=0x8,seg=4,type=lab
sym	id=451,name="regsave",addrsize=zeropage,size=4,scope=19,def=321,val=0x4,seg=4,type=lab
sym	id=452,name="sreg",addrsize=zeropage,size=2,scope=19,def=309,val=0x2,seg=4,type=lab
sym	id=453,name="c_sp",addrsize=zeropage,size=2,scope=19,def=317,val=0x0,seg=4,type=lab
sym	id=454,name="CPU_65CE02",addrsize=absolute,scope=19,def=304,val=0x2022,type=equ
sym	id=455,name="CPU_W65C02",addrsize=absolute,scope=19,def=304,val=0x1032,type=equ
sym	id=456,name="CPU_45GS02",addrsize=absolute,scope=19,def=304,val=0x2C22,type=equ
sym	id=457,name="CPU_4510",addrsize=absolute,scope=19,def=304,val=0x2422,type=equ
sym	id=458,name="CPU_M740",addrsize=absolute,scope=19,def=304,val=0x202,type=equ
sym	id=459,name="CPU_HUC6280",addrsize=absolute,scope=19,def=304,val=0x132,type=equ
sym	id=460,name="CPU_SWEET16",addrsize=zeropage,scope=19,def=304,val=0x80,type=equ
sym	id=461,name="CPU_65816",addrsize=zeropage,scope=19,def=304,val=0x52,type=equ
sym	id=462,name="CPU_65C02",addrsize=zeropage,scope=19,def=304,val=0x32,type=equ
sym	id=463,name="CPU_65SC02",addrsize=zeropage,scope=19,def=304,val=0x12,type=equ
sym	id=464,name="CPU_6502DTV",addrsize=zeropage,scope=19,def=304,val=0xA,type=equ
sym	id=465,name="CPU_6502X",addrsize=zeropage,scope=19,def=304,val=0x6,type=equ
sym	id=466,name="CPU_6502",addrsize=zeropage,scope=19,def=304,val=0x2,type=equ
sym	id=467,name="CPU_NONE",addrsize=zeropage,scope=19,def=304,val=0x1,type=equ
sym	id=468,name="CPU_ISET_65CE02",addrsize=absolute,scope=19,def=304,val=0x2000,type=equ
sym	id=469,name="CPU_ISET_W65C02",addrsize=absolute,scope=19,def=304,val=0x1000,type=equ
sym	id=470,name="CPU_ISET_45GS02",addrsize=absolute,scope=19,def=304,val=0x800,type=equ
sym	id=471,name="CPU_ISET_4510",addrsize=absolute,scope=19,def=304,val=0x400,type=equ
sym	id=472,name="CPU_ISET_M740",addrsize=absolute,scope=19,def=304,val=0x200,type=equ
sym	id=473,name="CPU_ISET_HUC6280",addrsize=absolute,scope=19,def=304,val=0x100,type=equ
sym	id=474,name="CPU_ISET_SWEET16",addrsize=zeropage,scope=19,def=304,val=0x80,type=equ
sym	id=475,name="CPU_ISET_65816",addrsize=zeropage,scope=19,def=304,val=0x40,type=equ
sym	id=476,name="CPU_ISET_65C02",addrsize=zeropage,scope=19,def=304,val=0x20,type=equ
sym	id=477,name="CPU_ISET_65SC02",addrsize=zeropage,scope=19,def=304,val=0x10,type=equ
sym	id=478,name="CPU_ISET_6502DTV",addrsize=zeropage,scope=19,def=304,val=0x8,type=equ
sym	id=479,name="CPU_ISET_6502X",addrsize=zeropage,scope=19,def=304,val=0x4,type=equ
sym	id=480,name="CPU_ISET_6502",addrsize=zeropage,scope=19,def=304,val=0x2,type=equ
sym	id=481,name="CPU_ISET_NONE",addrsize=zeropage,scope=19,def=304,val=0x1,type=equ
sym	id=482,name="__SIM6502__",addrsize=zeropage,scope=19,def=304,val=0x1,type=equ
type	id=0,val="00"
type	id=1,val="800121"
type	id=2,val="800120"
type	id=3,val="80014100"
type	id=4,val="800620"
type	id=5,val="800520"
