version	major=2,minor=0
info	csym=0,file=805,lib=0,line=14,mod=1,scope=1,seg=7,span=10,sym=36,type=2
file	id=0,name="val_asm.s",size=447,mtime=0x6988F35C,mod=0
line	id=0,file=0,line=25,span=6
line	id=1,file=0,line=30
line	id=2,file=0,line=0
line	id=3,file=0,line=18,span=5
line	id=4,file=0,line=14,span=3
line	id=5,file=0,line=17
line	id=6,file=0,line=21
line	id=7,file=0,line=12
line	id=8,file=0,line=7,span=1
line	id=9,file=0,line=29,span=7
line	id=10,file=0,line=13,span=2
line	id=11,file=0,line=15,span=4
line	id=12,file=0,line=3
line	id=13,file=0,line=6,span=0
mod	id=0,name="val_asm.s.46149.0.o",file=0
seg	id=0,name="CODE",start=0x000203,size=0x000A,addrsize=absolute,type=ro,oname="../../testwrk/dbginfo/val_asm.prg",ooffs=3
seg	id=1,name="RODATA",start=0x00020D,size=0x0000,addrsize=absolute,type=ro,oname="../../testwrk/dbginfo/val_asm.prg",ooffs=13
seg	id=2,name="BSS",start=0x00020D,size=0x0000,addrsize=absolute,type=rw
seg	id=3,name="DATA",start=0x000200,size=0x0003,addrsize=absolute,type=rw,oname="../../testwrk/dbginfo/val_asm.prg",ooffs=0
seg	id=4,name="ZEROPAGE",start=0x000000,size=0x0001,addrsize=zeropage,type=rw
seg	id=5,name="NULL",start=0x000000,size=0x0000,addrsize=absolute,type=rw
seg	id=6,name="BANKED",start=0x008000,size=0x0001,addrsize=absolute,type=rw,oname="../../testwrk/dbginfo/val_asm.prg",ooffs=13,bank=42
span	id=0,seg=3,start=0,size=1,type=0
span	id=1,seg=3,start=1,size=2,type=1
span	id=2,seg=0,start=0,size=3
span	id=3,seg=0,start=3,size=3
span	id=4,seg=0,start=6,size=1
span	id=5,seg=0,start=7,size=3
span	id=6,seg=6,start=0,size=1,type=0
span	id=7,seg=4,start=0,size=1
span	id=8,seg=0,start=0,size=10
span	id=9,seg=3,start=0,size=3
scope	id=0,name="",mod=0,size=10,span=6+7+9+8
sym	id=0,name="zp_var",addrsize=zeropage,size=1,scope=0,def=9,val=0x0,seg=4,type=lab
sym	id=1,name="CONST_VAL",addrsize=zeropage,scope=0,def=6,val=0x55,type=equ
sym	id=2,name="var2",addrsize=absolute,size=2,scope=0,def=8,ref=4,val=0x201,seg=3,type=lab
sym	id=3,name="var1",addrsize=absolute,size=1,scope=0,def=13,ref=10,val=0x200,seg=3,type=lab
sym	id=4,name="_main",addrsize=absolute,scope=0,def=5,ref=12,val=0x20A,seg=0,type=lab
sym	id=5,name="_asm_func",addrsize=absolute,scope=0,def=7,ref=12+3,val=0x203,seg=0,type=lab
sym	id=6,name="CPU_65CE02",addrsize=absolute,scope=0,def=2,val=0x2022,type=equ
sym	id=7,name="CPU_W65C02",addrsize=absolute,scope=0,def=2,val=0x1032,type=equ
sym	id=8,name="CPU_45GS02",addrsize=absolute,scope=0,def=2,val=0x2C22,type=equ
sym	id=9,name="CPU_4510",addrsize=absolute,scope=0,def=2,val=0x2422,type=equ
sym	id=10,name="CPU_M740",addrsize=absolute,scope=0,def=2,val=0x202,type=equ
sym	id=11,name="CPU_HUC6280",addrsize=absolute,scope=0,def=2,val=0x132,type=equ
sym	id=12,name="CPU_SWEET16",addrsize=zeropage,scope=0,def=2,val=0x80,type=equ
sym	id=13,name="CPU_65816",addrsize=zeropage,scope=0,def=2,val=0x52,type=equ
sym	id=14,name="CPU_65C02",addrsize=zeropage,scope=0,def=2,val=0x32,type=equ
sym	id=15,name="CPU_65SC02",addrsize=zeropage,scope=0,def=2,val=0x12,type=equ
sym	id=16,name="CPU_6502DTV",addrsize=zeropage,scope=0,def=2,val=0xA,type=equ
sym	id=17,name="CPU_6502X",addrsize=zeropage,scope=0,def=2,val=0x6,type=equ
sym	id=18,name="CPU_6502",addrsize=zeropage,scope=0,def=2,val=0x2,type=equ
sym	id=19,name="CPU_NONE",addrsize=zeropage,scope=0,def=2,val=0x1,type=equ
sym	id=20,name="CPU_ISET_65CE02",addrsize=absolute,scope=0,def=2,val=0x2000,type=equ
sym	id=21,name="CPU_ISET_W65C02",addrsize=absolute,scope=0,def=2,val=0x1000,type=equ
sym	id=22,name="CPU_ISET_45GS02",addrsize=absolute,scope=0,def=2,val=0x800,type=equ
sym	id=23,name="CPU_ISET_4510",addrsize=absolute,scope=0,def=2,val=0x400,type=equ
sym	id=24,name="CPU_ISET_M740",addrsize=absolute,scope=0,def=2,val=0x200,type=equ
sym	id=25,name="CPU_ISET_HUC6280",addrsize=absolute,scope=0,def=2,val=0x100,type=equ
sym	id=26,name="CPU_ISET_SWEET16",addrsize=zeropage,scope=0,def=2,val=0x80,type=equ
sym	id=27,name="CPU_ISET_65816",addrsize=zeropage,scope=0,def=2,val=0x40,type=equ
sym	id=28,name="CPU_ISET_65C02",addrsize=zeropage,scope=0,def=2,val=0x20,type=equ
sym	id=29,name="CPU_ISET_65SC02",addrsize=zeropage,scope=0,def=2,val=0x10,type=equ
sym	id=30,name="CPU_ISET_6502DTV",addrsize=zeropage,scope=0,def=2,val=0x8,type=equ
sym	id=31,name="CPU_ISET_6502X",addrsize=zeropage,scope=0,def=2,val=0x4,type=equ
sym	id=32,name="CPU_ISET_6502",addrsize=zeropage,scope=0,def=2,val=0x2,type=equ
sym	id=33,name="CPU_ISET_NONE",addrsize=zeropage,scope=0,def=2,val=0x1,type=equ
sym	id=34,name="__C64__",addrsize=zeropage,scope=0,def=2,val=0x1,type=equ
sym	id=35,name="__CBM__",addrsize=zeropage,scope=0,def=2,val=0x1,type=equ
type	id=0,val="800120"
type	id=1,val="800121"
